[    0.000000] Initializing cgroup subsys cpuset
[    0.000000] Initializing cgroup subsys cpu
[    0.000000] Initializing cgroup subsys cpuacct
[    0.000000] Linux version 4.4.0-78-generic (buildd@lgw01-11) (gcc version 5.4.0 20160609 (Ubuntu 5.4.0-6ubuntu1~16.04.4) ) #99-Ubuntu SMP Thu Apr 27 15:29:09 UTC 2017 (Ubuntu 4.4.0-78.99-generic 4.4.62)
[    0.000000] Command line: BOOT_IMAGE=/boot/vmlinuz-4.4.0-78-generic root=LABEL=cloudimg-rootfs ro console=tty1 console=ttyS0
[    0.000000] KERNEL supported cpus:
[    0.000000]   Intel GenuineIntel
[    0.000000]   AMD AuthenticAMD
[    0.000000]   Centaur CentaurHauls
[    0.000000] x86/fpu: xstate_offset[2]:  576, xstate_sizes[2]:  256
[    0.000000] x86/fpu: Supporting XSAVE feature 0x01: 'x87 floating point registers'
[    0.000000] x86/fpu: Supporting XSAVE feature 0x02: 'SSE registers'
[    0.000000] x86/fpu: Supporting XSAVE feature 0x04: 'AVX registers'
[    0.000000] x86/fpu: Enabled xstate features 0x7, context size is 832 bytes, using 'standard' format.
[    0.000000] x86/fpu: Using 'lazy' FPU context switches.
[    0.000000] e820: BIOS-provided physical RAM map:
[    0.000000] BIOS-e820: [mem 0x0000000000000000-0x000000000009fbff] usable
[    0.000000] BIOS-e820: [mem 0x000000000009fc00-0x000000000009ffff] reserved
[    0.000000] BIOS-e820: [mem 0x00000000000f0000-0x00000000000fffff] reserved
[    0.000000] BIOS-e820: [mem 0x0000000000100000-0x000000003ffeffff] usable
[    0.000000] BIOS-e820: [mem 0x000000003fff0000-0x000000003fffffff] ACPI data
[    0.000000] BIOS-e820: [mem 0x00000000fec00000-0x00000000fec00fff] reserved
[    0.000000] BIOS-e820: [mem 0x00000000fee00000-0x00000000fee00fff] reserved
[    0.000000] BIOS-e820: [mem 0x00000000fffc0000-0x00000000ffffffff] reserved
[    0.000000] NX (Execute Disable) protection: active
[    0.000000] SMBIOS 2.5 present.
[    0.000000] Hypervisor detected: KVM
[    0.000000] e820: last_pfn = 0x3fff0 max_arch_pfn = 0x400000000
[    0.000000] MTRR: Disabled
[    0.000000] x86/PAT: MTRRs disabled, skipping PAT initialization too.
[    0.000000] x86/PAT: Configuration [0-7]: WB  WT  UC- UC  WB  WT  UC- UC  
[    0.000000] CPU MTRRs all blank - virtualized system.
[    0.000000] found SMP MP-table at [mem 0x0009fff0-0x0009ffff] mapped at [ffff88000009fff0]
[    0.000000] Scanning 1 areas for low memory corruption
[    0.000000] RAMDISK: [mem 0x36ac4000-0x37559fff]
[    0.000000] ACPI: Early table checksum verification disabled
[    0.000000] ACPI: RSDP 0x00000000000E0000 000024 (v02 VBOX  )
[    0.000000] ACPI: XSDT 0x000000003FFF0030 00003C (v01 VBOX   VBOXXSDT 00000001 ASL  00000061)
[    0.000000] ACPI: FACP 0x000000003FFF00F0 0000F4 (v04 VBOX   VBOXFACP 00000001 ASL  00000061)
[    0.000000] ACPI: DSDT 0x000000003FFF0470 00210F (v01 VBOX   VBOXBIOS 00000002 INTL 20160108)
[    0.000000] ACPI: FACS 0x000000003FFF0200 000040
[    0.000000] ACPI: FACS 0x000000003FFF0200 000040
[    0.000000] ACPI: APIC 0x000000003FFF0240 00005C (v02 VBOX   VBOXAPIC 00000001 ASL  00000061)
[    0.000000] ACPI: SSDT 0x000000003FFF02A0 0001CC (v01 VBOX   VBOXCPUT 00000002 INTL 20160108)
[    0.000000] No NUMA configuration found
[    0.000000] Faking a node at [mem 0x0000000000000000-0x000000003ffeffff]
[    0.000000] NODE_DATA(0) allocated [mem 0x3ffeb000-0x3ffeffff]
[    0.000000] kvm-clock: Using msrs 4b564d01 and 4b564d00
[    0.000000] kvm-clock: cpu 0, msr 0:3ffe3001, primary cpu clock
[    0.000000] kvm-clock: using sched offset of 4511200779 cycles
[    0.000000] clocksource: kvm-clock: mask: 0xffffffffffffffff max_cycles: 0x1cd42e4dffb, max_idle_ns: 881590591483 ns
[    0.000000] Zone ranges:
[    0.000000]   DMA      [mem 0x0000000000001000-0x0000000000ffffff]
[    0.000000]   DMA32    [mem 0x0000000001000000-0x000000003ffeffff]
[    0.000000]   Normal   empty
[    0.000000]   Device   empty
[    0.000000] Movable zone start for each node
[    0.000000] Early memory node ranges
[    0.000000]   node   0: [mem 0x0000000000001000-0x000000000009efff]
[    0.000000]   node   0: [mem 0x0000000000100000-0x000000003ffeffff]
[    0.000000] Initmem setup node 0 [mem 0x0000000000001000-0x000000003ffeffff]
[    0.000000] ACPI: PM-Timer IO Port: 0x4008
[    0.000000] IOAPIC[0]: apic_id 2, version 32, address 0xfec00000, GSI 0-23
[    0.000000] ACPI: INT_SRC_OVR (bus 0 bus_irq 0 global_irq 2 dfl dfl)
[    0.000000] ACPI: INT_SRC_OVR (bus 0 bus_irq 9 global_irq 9 high level)
[    0.000000] Using ACPI (MADT) for SMP configuration information
[    0.000000] smpboot: Allowing 2 CPUs, 0 hotplug CPUs
[    0.000000] PM: Registered nosave memory: [mem 0x00000000-0x00000fff]
[    0.000000] PM: Registered nosave memory: [mem 0x0009f000-0x0009ffff]
[    0.000000] PM: Registered nosave memory: [mem 0x000a0000-0x000effff]
[    0.000000] PM: Registered nosave memory: [mem 0x000f0000-0x000fffff]
[    0.000000] e820: [mem 0x40000000-0xfebfffff] available for PCI devices
[    0.000000] Booting paravirtualized kernel on KVM
[    0.000000] clocksource: refined-jiffies: mask: 0xffffffff max_cycles: 0xffffffff, max_idle_ns: 7645519600211568 ns
[    0.000000] setup_percpu: NR_CPUS:512 nr_cpumask_bits:512 nr_cpu_ids:2 nr_node_ids:1
[    0.000000] PERCPU: Embedded 33 pages/cpu @ffff88003fc00000 s98264 r8192 d28712 u1048576
[    0.000000] PV qspinlock hash table entries: 256 (order: 0, 4096 bytes)
[    0.000000] Built 1 zonelists in Node order, mobility grouping on.  Total pages: 257913
[    0.000000] Policy zone: DMA32
[    0.000000] Kernel command line: BOOT_IMAGE=/boot/vmlinuz-4.4.0-78-generic root=LABEL=cloudimg-rootfs ro console=tty1 console=ttyS0
[    0.000000] PID hash table entries: 4096 (order: 3, 32768 bytes)
[    0.000000] Memory: 1001740K/1048120K available (8469K kernel code, 1294K rwdata, 3984K rodata, 1484K init, 1316K bss, 46380K reserved, 0K cma-reserved)
[    0.000000] SLUB: HWalign=64, Order=0-3, MinObjects=0, CPUs=2, Nodes=1
[    0.000000] Hierarchical RCU implementation.
[    0.000000] 	Build-time adjustment of leaf fanout to 64.
[    0.000000] 	RCU restricting CPUs from NR_CPUS=512 to nr_cpu_ids=2.
[    0.000000] RCU: Adjusting geometry for rcu_fanout_leaf=64, nr_cpu_ids=2
[    0.000000] NR_IRQS:33024 nr_irqs:440 16
[    0.000000] Console: colour VGA+ 80x25
[    0.000000] console [tty1] enabled
[    0.000000] console [ttyS0] enabled
[    0.000000] tsc: Detected 1597.059 MHz processor
[    0.000000] tsc: Marking TSC unstable due to TSCs unsynchronized
[    0.008000] Calibrating delay loop (skipped) preset value.. 3194.11 BogoMIPS (lpj=6388236)
[    0.008009] pid_max: default: 32768 minimum: 301
[    0.010136] ACPI: Core revision 20150930
[    0.014249] ACPI: 2 ACPI AML tables successfully acquired and loaded
[    0.018260] Security Framework initialized
[    0.020009] Yama: becoming mindful.
[    0.024050] AppArmor: AppArmor initialized
[    0.028205] Dentry cache hash table entries: 131072 (order: 8, 1048576 bytes)
[    0.032447] Inode-cache hash table entries: 65536 (order: 7, 524288 bytes)
[    0.040148] Mount-cache hash table entries: 2048 (order: 2, 16384 bytes)
[    0.044015] Mountpoint-cache hash table entries: 2048 (order: 2, 16384 bytes)
[    0.048401] Initializing cgroup subsys io
[    0.052014] Initializing cgroup subsys memory
[    0.056061] Initializing cgroup subsys devices
[    0.060035] Initializing cgroup subsys freezer
[    0.062189] Initializing cgroup subsys net_cls
[    0.064013] Initializing cgroup subsys perf_event
[    0.068035] Initializing cgroup subsys net_prio
[    0.072051] Initializing cgroup subsys hugetlb
[    0.076016] Initializing cgroup subsys pids
[    0.080361] CPU: Physical Processor ID: 0
[    0.084015] CPU: Processor Core ID: 0
[    0.088018] mce: CPU supports 0 MCE banks
[    0.092175] Last level iTLB entries: 4KB 512, 2MB 1024, 4MB 512
[    0.096020] Last level dTLB entries: 4KB 1024, 2MB 1024, 4MB 512, 1GB 0
[    0.106213] Freeing SMP alternatives memory: 32K (ffffffff820b8000 - ffffffff820c0000)
[    0.127147] ftrace: allocating 32120 entries in 126 pages
[    0.148192] smpboot: APIC(0) Converting physical 0 to logical package 0
[    0.152011] smpboot: Max logical packages: 1
[    0.156784] x2apic enabled
[    0.160010] Switched APIC routing to physical x2apic.
[    0.166852] ..TIMER: vector=0x30 apic1=0 pin1=2 apic2=-1 pin2=-1
[    0.172000] APIC calibration not consistent with PM-Timer: 116ms instead of 100ms
[    0.172000] APIC delta adjusted to PM-Timer: 6249944 (7251147)
[    0.172111] smpboot: CPU0: AMD A8-4555M APU with Radeon(tm) HD Graphics (family: 0x15, model: 0x10, stepping: 0x1)
[    0.188036] Performance Events: Broken PMU hardware detected, using software events only.
[    0.196017] Failed to access perfctr msr (MSR c0010007 is 0)
[    0.200094] KVM setup paravirtual spinlock
[    0.205645] x86: Booting SMP configuration:
[    0.208006] .... node  #0, CPUs:      #1
[    0.008000] kvm-clock: cpu 1, msr 0:3ffe3041, secondary cpu clock
[    0.008000] mce: CPU supports 0 MCE banks
[    0.225085] x86: Booted up 1 node, 2 CPUs
[    0.227677] smpboot: Total of 2 processors activated (6388.23 BogoMIPS)
[    0.228769] devtmpfs: initialized
[    0.236105] evm: security.selinux
[    0.284012] evm: security.SMACK64
[    0.384015] evm: security.SMACK64EXEC
[    0.520026] evm: security.SMACK64TRANSMUTE
[    0.656021] evm: security.SMACK64MMAP
[    0.800026] evm: security.ima
[    0.908017] evm: security.capability
[    0.968334] clocksource: jiffies: mask: 0xffffffff max_cycles: 0xffffffff, max_idle_ns: 7645041785100000 ns
[    1.068087] futex hash table entries: 512 (order: 3, 32768 bytes)
[    1.108290] pinctrl core: initialized pinctrl subsystem
[    1.112350] RTC time: 16:22:01, date: 05/25/17
[    1.120538] NET: Registered protocol family 16
[    1.140028] cpuidle: using governor ladder
[    1.156042] cpuidle: using governor menu
[    1.160077] PCCT header not found.
[    1.164669] ACPI: bus type PCI registered
[    1.168016] acpiphp: ACPI Hot Plug PCI Controller Driver version: 0.5
[    1.172337] PCI: Using configuration type 1 for base access
[    1.176013] PCI: Using configuration type 1 for extended access
[    1.200009] ACPI: Added _OSI(Module Device)
[    1.240012] ACPI: Added _OSI(Processor Device)
[    1.416027] ACPI: Added _OSI(3.0 _SCP Extensions)
[    1.420005] ACPI: Added _OSI(Processor Aggregator Device)
[    1.425706] ACPI: Executed 1 blocks of module-level executable AML code
[    1.440822] ACPI: Interpreter enabled
[    1.444025] ACPI: (supports S0 S5)
[    1.448006] ACPI: Using IOAPIC for interrupt routing
[    1.452405] PCI: Using host bridge windows from ACPI; if necessary, use "pci=nocrs" and report a bug
[    1.476807] ACPI: PCI Root Bridge [PCI0] (domain 0000 [bus 00-ff])
[    1.492045] acpi PNP0A03:00: _OSC: OS supports [ExtendedConfig ASPM ClockPM Segments MSI]
[    1.500022] acpi PNP0A03:00: _OSC failed (AE_NOT_FOUND); disabling ASPM
[    1.516013] PCI host bridge to bus 0000:00
[    1.520008] pci_bus 0000:00: root bus resource [io  0x0000-0x0cf7 window]
[    1.524007] pci_bus 0000:00: root bus resource [io  0x0d00-0xffff window]
[    1.528007] pci_bus 0000:00: root bus resource [mem 0x000a0000-0x000bffff window]
[    1.536007] pci_bus 0000:00: root bus resource [mem 0x40000000-0xffdfffff window]
[    1.540007] pci_bus 0000:00: root bus resource [bus 00-ff]
[    1.552664] pci 0000:00:01.1: legacy IDE quirk: reg 0x10: [io  0x01f0-0x01f7]
[    1.820035] pci 0000:00:01.1: legacy IDE quirk: reg 0x14: [io  0x03f6]
[    2.056034] pci 0000:00:01.1: legacy IDE quirk: reg 0x18: [io  0x0170-0x0177]
[    2.164024] pci 0000:00:01.1: legacy IDE quirk: reg 0x1c: [io  0x0376]
[    2.309198] pci 0000:00:07.0: quirk: [io  0x4000-0x403f] claimed by PIIX4 ACPI
[    2.604016] pci 0000:00:07.0: quirk: [io  0x4100-0x410f] claimed by PIIX4 SMB
[    2.902211] ACPI: PCI Interrupt Link [LNKA] (IRQs 5 9 10 *11)
[    2.913438] ACPI: PCI Interrupt Link [LNKB] (IRQs 5 9 10 *11)
[    2.921674] ACPI: PCI Interrupt Link [LNKC] (IRQs 5 9 *10 11)
[    2.929085] ACPI: PCI Interrupt Link [LNKD] (IRQs 5 *9 10 11)
[    2.936266] ACPI: Enabled 2 GPEs in block 00 to 07
[    2.956369] vgaarb: setting as boot device: PCI:0000:00:02.0
[    2.960000] vgaarb: device added: PCI:0000:00:02.0,decodes=io+mem,owns=io+mem,locks=none
[    2.968008] vgaarb: loaded
[    2.972005] vgaarb: bridge control possible 0000:00:02.0
[    2.976719] SCSI subsystem initialized
[    2.984143] ACPI: bus type USB registered
[    2.988071] usbcore: registered new interface driver usbfs
[    2.992028] usbcore: registered new interface driver hub
[    2.996051] usbcore: registered new device driver usb
[    3.004231] PCI: Using ACPI for IRQ routing
[    3.188132] NetLabel: Initializing
[    3.200005] NetLabel:  domain hash size = 128
[    3.236017] NetLabel:  protocols = UNLABELED CIPSOv4
[    3.272064] NetLabel:  unlabeled traffic allowed by default
[    3.280157] amd_nb: Cannot enumerate AMD northbridges
[    3.328145] clocksource: Switched to clocksource kvm-clock
[    3.426979] AppArmor: AppArmor Filesystem Enabled
[    3.472927] pnp: PnP ACPI init
[    3.519085] pnp: PnP ACPI: found 3 devices
[    3.612181] clocksource: acpi_pm: mask: 0xffffff max_cycles: 0xffffff, max_idle_ns: 2085701024 ns
[    3.712322] NET: Registered protocol family 2
[    3.727475] TCP established hash table entries: 8192 (order: 4, 65536 bytes)
[    3.734058] TCP bind hash table entries: 8192 (order: 5, 131072 bytes)
[    3.738194] TCP: Hash tables configured (established 8192 bind 8192)
[    3.742333] UDP hash table entries: 512 (order: 2, 16384 bytes)
[    3.745140] UDP-Lite hash table entries: 512 (order: 2, 16384 bytes)
[    3.748331] NET: Registered protocol family 1
[    3.752293] pci 0000:00:00.0: Limiting direct PCI/PCI transfers
[    3.758307] pci 0000:00:01.0: Activating ISA DMA hang workarounds
[    3.763069] Unpacking initramfs...
[    9.531731] Freeing initrd memory: 10840K (ffff880036ac4000 - ffff88003755a000)
[    9.556507] clocksource: tsc: mask: 0xffffffffffffffff max_cycles: 0x17054aaf365, max_idle_ns: 440795261590 ns
[    9.564897] platform rtc_cmos: registered platform RTC device (no PNP device found)
[    9.569022] Scanning for low memory corruption every 60 seconds
[    9.574694] audit: initializing netlink subsys (disabled)
[    9.736612] audit: type=2000 audit(1495729332.949:1): initialized
[    9.901934] Initialise system trusted keyring
[    9.927727] HugeTLB registered 2 MB page size, pre-allocated 0 pages
[    9.938319] zbud: loaded
[    9.945488] VFS: Disk quotas dquot_6.6.0
[    9.948367] VFS: Dquot-cache hash table entries: 512 (order 0, 4096 bytes)
[    9.999193] squashfs: version 4.0 (2009/01/31) Phillip Lougher
[   10.062785] fuse init (API version 7.23)
[   10.116445] Key type big_key registered
[   10.185471] Allocating IMA MOK and blacklist keyrings.
[   10.242217] Key type asymmetric registered
[   10.248255] Asymmetric key parser 'x509' registered
[   10.252219] Block layer SCSI generic (bsg) driver version 0.4 loaded (major 249)
[   10.259002] io scheduler noop registered
[   10.263078] io scheduler deadline registered (default)
[   10.266906] io scheduler cfq registered
[   10.269346] pci_hotplug: PCI Hot Plug PCI Core version: 0.5
[   10.272099] pciehp: PCI Express Hot Plug Controller Driver version: 0.4
[   10.275403] ACPI: AC Adapter [AC] (on-line)
[   10.277767] input: Power Button as /devices/LNXSYSTM:00/LNXPWRBN:00/input/input0
[   10.281665] ACPI: Power Button [PWRF]
[   10.283803] input: Sleep Button as /devices/LNXSYSTM:00/LNXSLPBN:00/input/input1
[   10.289052] ACPI: Sleep Button [SLPF]
[   10.291720] GHES: HEST is not enabled!
[   10.293933] ACPI: Battery Slot [BAT0] (battery present)
[   10.294179] Serial: 8250/16550 driver, 32 ports, IRQ sharing enabled
[   10.330375] 00:02: ttyS0 at I/O 0x3f8 (irq = 4, base_baud = 115200) is a 16550A
[   10.341676] Linux agpgart interface v0.103
[   10.398449] loop: module loaded
[   10.399884] scsi host0: ata_piix
[   10.400127] scsi host1: ata_piix
[   10.400218] ata1: PATA max UDMA/33 cmd 0x1f0 ctl 0x3f6 bmdma 0xd000 irq 14
[   10.400220] ata2: PATA max UDMA/33 cmd 0x170 ctl 0x376 bmdma 0xd008 irq 15
[   10.400420] libphy: Fixed MDIO Bus: probed
[   10.400424] tun: Universal TUN/TAP device driver, 1.6
[   10.400425] tun: (C) 1999-2004 Max Krasnyansky <maxk@qualcomm.com>
[   10.400519] PPP generic driver version 2.4.2
[   10.400649] ehci_hcd: USB 2.0 'Enhanced' Host Controller (EHCI) Driver
[   10.400657] ehci-pci: EHCI PCI platform driver
[   10.400733] ehci-platform: EHCI generic platform driver
[   10.400754] ohci_hcd: USB 1.1 'Open' Host Controller (OHCI) Driver
[   10.400761] ohci-pci: OHCI PCI platform driver
[   10.400789] ohci-platform: OHCI generic platform driver
[   10.400808] uhci_hcd: USB Universal Host Controller Interface driver
[   10.400952] i8042: PNP: PS/2 Controller [PNP0303:PS2K,PNP0f03:PS2M] at 0x60,0x64 irq 1,12
[   10.416528] serio: i8042 KBD port at 0x60,0x64 irq 1
[   10.416544] serio: i8042 AUX port at 0x60,0x64 irq 12
[   10.417027] mousedev: PS/2 mouse device common for all mice
[   10.418003] rtc_cmos rtc_cmos: rtc core: registered rtc_cmos as rtc0
[   10.418176] rtc_cmos rtc_cmos: alarms up to one day, 114 bytes nvram
[   10.418193] i2c /dev entries driver
[   10.418418] device-mapper: uevent: version 1.0.3
[   10.418604] device-mapper: ioctl: 4.34.0-ioctl (2015-10-28) initialised: dm-devel@redhat.com
[   10.418659] ledtrig-cpu: registered to indicate activity on CPUs
[   10.419578] NET: Registered protocol family 10
[   10.430386] NET: Registered protocol family 17
[   10.430431] Key type dns_resolver registered
[   10.420026] microcode: CPU0: patch_level=0x06000626
[   10.444688] microcode: CPU1: patch_level=0x06000626
[   10.444880] microcode: Microcode Update Driver: v2.01 <tigran@aivazian.fsnet.co.uk>, Peter Oruba
[   10.445321] registered taskstats version 1
[   10.445348] Loading compiled-in X.509 certificates
[   10.447537] Loaded X.509 cert 'Build time autogenerated kernel key: 779fd75203f0d36b99b83c7328fac831ec7adf9e'
[   10.447608] zswap: loaded using pool lzo/zbud
[   10.453077] Key type trusted registered
[   10.460526] Key type encrypted registered
[   10.460537] AppArmor: AppArmor sha1 policy hashing enabled
[   10.460542] ima: No TPM chip found, activating TPM-bypass!
[   10.460603] evm: HMAC attrs: 0x1
[   10.461214]   Magic number: 1:393:389
[   10.479658] rtc_cmos rtc_cmos: setting system clock to 2017-05-25 16:22:11 UTC (1495729331)
[   10.480236] BIOS EDD facility v0.16 2004-Jun-25, 0 devices found
[   10.480237] EDD information not available.
[   10.626178] input: AT Translated Set 2 keyboard as /devices/platform/i8042/serio0/input/input2
[   12.751420] Freeing unused kernel memory: 1484K (ffffffff81f45000 - ffffffff820b8000)
[   12.758539] Write protecting the kernel read-only data: 14336k
[   12.767441] Freeing unused kernel memory: 1760K (ffff880001848000 - ffff880001a00000)
[   12.776787] Freeing unused kernel memory: 112K (ffff880001de4000 - ffff880001e00000)
Loading, please wait...
starting version[   12.967379] random: systemd-udevd: uninitialized urandom read (16 bytes read, 4 bits of entropy available)
 229
[   12.970735] random: udevadm: uninitialized urandom read (16 bytes read, 4 bits of entropy available)
[   12.970910] random: udevadm: uninitialized urandom read (16 bytes read, 4 bits of entropy available)
[   12.971515] random: udevadm: uninitialized urandom read (16 bytes read, 4 bits of entropy available)
[   12.971739] random: udevadm: uninitialized urandom read (16 bytes read, 4 bits of entropy available)
[   12.972013] random: udevadm: uninitialized urandom read (16 bytes read, 4 bits of entropy available)
[   12.972335] random: udevadm: uninitialized urandom read (16 bytes read, 4 bits of entropy available)
[   12.972535] random: udevadm: uninitialized urandom read (16 bytes read, 4 bits of entropy available)
[   12.972724] random: udevadm: uninitialized urandom read (16 bytes read, 4 bits of entropy available)
[   12.972936] random: udevadm: uninitialized urandom read (16 bytes read, 4 bits of entropy available)
[   13.378649] e1000: Intel(R) PRO/1000 Network Driver - version 7.3.21-k8-NAPI
[   13.400341] e1000: Copyright (c) 1999-2006 Intel Corporation.
[   13.458758] Fusion MPT base driver 3.04.20
[   13.478319] Copyright (c) 1999-2008 LSI Corporation
[   13.573441] Fusion MPT SPI Host driver 3.04.20
[   13.637526] AVX version of gcm_enc/dec engaged.
[   13.643607] AES CTR mode by8 optimization enabled
[   13.715606] input: ImExPS/2 Generic Explorer Mouse as /devices/platform/i8042/serio1/input/input4
[   14.125539] e1000 0000:00:03.0 eth0: (PCI:33MHz:32-bit) 02:fb:34:e1:96:ef
[   14.139490] e1000 0000:00:03.0 eth0: Intel(R) PRO/1000 Network Connection
[   14.169824] mptbase: ioc0: Initiating bringup
[   14.268701] ioc0: LSI53C1030 A0: Capabilities={Initiator}
[   14.571657] scsi host2: ioc0: LSI53C1030 A0, FwRev=00000000h, Ports=1, MaxQ=256, IRQ=20
[   14.774148] scsi 2:0:0:0: Direct-Access     VBOX     HARDDISK         1.0  PQ: 0 ANSI: 5
[   14.787637] scsi target2:0:0: Beginning Domain Validation
[   14.792988] scsi target2:0:0: Domain Validation skipping write tests
[   14.870217] scsi target2:0:0: Ending Domain Validation
[   14.966809] scsi target2:0:0: asynchronous
[   15.016978] scsi 2:0:1:0: Direct-Access     VBOX     HARDDISK         1.0  PQ: 0 ANSI: 5
[   15.045857] scsi target2:0:1: Beginning Domain Validation
[   15.125695] scsi target2:0:1: Domain Validation skipping write tests
[   15.131858] scsi target2:0:1: Ending Domain Validation
[   15.176114] scsi target2:0:1: asynchronous
[   15.252277] sd 2:0:0:0: Attached scsi generic sg0 type 0
[   15.339054] sd 2:0:0:0: [sda] 20971520 512-byte logical blocks: (10.7 GB/10.0 GiB)
[   15.422732] sd 2:0:1:0: Attached scsi generic sg1 type 0
[   15.465505] sd 2:0:1:0: [sdb] 20480 512-byte logical blocks: (10.5 MB/10.0 MiB)
[   15.476568] e1000 0000:00:08.0 eth1: (PCI:33MHz:32-bit) 08:00:27:bd:12:dc
[   15.476580] e1000 0000:00:08.0 eth1: Intel(R) PRO/1000 Network Connection
[   15.485585] e1000 0000:00:08.0 enp0s8: renamed from eth1
[   15.795303] sd 2:0:0:0: [sda] Write Protect is off
[   15.837194] sd 2:0:0:0: [sda] Incomplete mode parameter data
[   15.837236] sd 2:0:1:0: [sdb] Write Protect is off
[   15.844382] sd 2:0:0:0: [sda] Assuming drive cache: write through
[   15.853480] sd 2:0:1:0: [sdb] Incomplete mode parameter data
[   15.853485] sd 2:0:1:0: [sdb] Assuming drive cache: write through
[   15.853949] e1000 0000:00:03.0 enp0s3: renamed from eth0
[   15.912129]  sda: sda1
[   15.930882] sd 2:0:1:0: [sdb] Attached SCSI disk
[   15.991289] sd 2:0:0:0: [sda] Attached SCSI disk
[   16.440855] floppy0: no floppy controllers found
Begin: Loading essential drivers ... [   18.722505] md: linear personality registered for level -1
[   18.735561] md: multipath personality registered for level -4
[   18.775969] md: raid0 personality registered for level 0
[   18.790805] md: raid1 personality registered for level 1
[   18.932223] raid6: sse2x1   gen()  2629 MB/s
[   19.048112] raid6: sse2x1   xor()  1645 MB/s
[   19.148618] raid6: sse2x2   gen()  4051 MB/s
[   19.275353] raid6: sse2x2   xor()  2416 MB/s
[   19.376295] raid6: sse2x4   gen()  4039 MB/s
[   19.481565] raid6: sse2x4   xor()  1991 MB/s
[   19.526853] raid6: using algorithm sse2x2 gen() 4051 MB/s
[   19.553966] raid6: .... xor() 2416 MB/s, rmw enabled
[   19.736739] raid6: using ssse3x2 recovery algorithm
[   19.945724] xor: automatically using best checksumming function:
[   20.072194]    avx       :   287.000 MB/sec
[   20.146991] async_tx: api initialized (async)
[   20.211662] md: raid6 personality registered for level 6
[   20.229317] md: raid5 personality registered for level 5
[   20.231758] md: raid4 personality registered for level 4
[   20.252578] md: raid10 personality registered for level 10
done.
Begin: Running /scripts/init-premount ... done.
Begin: Mounting root file system ... Begin: Running /scripts/local-top ... done.
Begin: Running /scripts/local-premount ... [   20.421661] Btrfs loaded
Scanning for Btrfs filesystems
done.
Warning: fsck not present, so skipping root file system
[   20.696755] EXT4-fs (sda1): mounted filesystem with ordered data mode. Opts: (null)
done.
Begin: Running /scripts/local-bottom ... done.
Begin: Running /scripts/init-bottom ... done.
[   21.387378] random: nonblocking pool is initialized
[   21.666297] systemd[1]: systemd 229 running in system mode. (+PAM +AUDIT +SELINUX +IMA +APPARMOR +SMACK +SYSVINIT +UTMP +LIBCRYPTSETUP +GCRYPT +GNUTLS +ACL +XZ -LZ4 +SECCOMP +BLKID +ELFUTILS +KMOD -IDN)
[   21.693493] systemd[1]: Detected virtualization oracle.
[   21.808594] systemd[1]: Detected architecture x86-64.

Welcome to [1mUbuntu 16.04.2 LTS[0m!

[   21.889034] systemd[1]: Set hostname to <ubuntu>.
[   21.925749] systemd[1]: Initializing machine ID from random generator.
[   22.017448] systemd[1]: Installed transient /etc/machine-id file.
[   23.336901] systemd[1]: Reached target Swap.
[[0;32m  OK  [0m] Reached target Swap.
[   23.537441] systemd[1]: Started Forward Password Requests to Wall Directory Watch.
[[0;32m  OK  [0m] Started Forward Password Requests to Wall Directory Watch.
[   23.603050] systemd[1]: Listening on LVM2 metadata daemon socket.
[[0;32m  OK  [0m] Listening on LVM2 metadata daemon socket.
[   23.633785] systemd[1]: Created slice User and Session Slice.
[[0;32m  OK  [0m] Created slice User and Session Slice.
[   23.672931] systemd[1]: Set up automount Arbitrary Executable File Formats File System Automount Point.
[[0;32m  OK  [0m] Set up automount Arbitrary Executab...ats File System Automount Point.
[   23.912985] systemd[1]: Listening on Journal Audit Socket.
[[0;32m  OK  [0m] Listening on Journal Audit Socket.
[   24.152817] systemd[1]: Listening on Syslog Socket.
[[0;32m  OK  [0m] Listening on Syslog Socket.
[   24.220672] systemd[1]: Listening on Device-mapper event daemon FIFOs.
[[0;32m  OK  [0m] Listening on Device-mapper event daemon FIFOs.
[   24.316475] systemd[1]: Listening on /dev/initctl Compatibility Named Pipe.
[[0;32m  OK  [0m] Listening on /dev/initctl Compatibility Named Pipe.
[   24.428772] systemd[1]: Started Trigger resolvconf update for networkd DNS.
[[0;32m  OK  [0m] Started Trigger resolvconf update for networkd DNS.
[   24.514650] systemd[1]: Created slice System Slice.
[[0;32m  OK  [0m] Created slice System Slice.
[   24.601581] systemd[1]: Created slice system-serial\x2dgetty.slice.
[[0;32m  OK  [0m] Created slice system-serial\x2dgetty.slice.
[   24.614215] systemd[1]: Reached target Slices.
[[0;32m  OK  [0m] Reached target Slices.
[   24.618818] systemd[1]: Reached target Encrypted Volumes.
[[0;32m  OK  [0m] Reached target Encrypted Volumes.
[   24.657727] systemd[1]: Listening on Journal Socket.
[[0;32m  OK  [0m] Listening on Journal Socket.
[   24.692512] systemd[1]: Starting Set console keymap...
         Starting Set console keymap...
[   24.740288] systemd[1]: Mounting POSIX Message Queue File System...
         Mounting POSIX Message Queue File System...
[   24.816030] systemd[1]: Starting Uncomplicated firewall...
         Starting Uncomplicated firewall...
[   24.862729] systemd[1]: Listening on udev Control Socket.
[[0;32m  OK  [0m] Listening on udev Control Socket.
[   24.960547] systemd[1]: Listening on Journal Socket (/dev/log).
[[0;32m  OK  [0m] Listening on Journal Socket (/dev/log).
[   25.043552] systemd[1]: Starting Nameserver information manager...
         Starting Nameserver information manager...
[   25.121112] systemd[1]: Starting Create list of required static device nodes for the current kernel...
         Starting Create list of required st... nodes for the current kernel...
[   25.380546] systemd[1]: Mounting Huge Pages File System...
         Mounting Huge Pages File System...
[   25.440597] systemd[1]: Mounting Debug File System...
         Mounting Debug File System...
[   25.480602] systemd[1]: Listening on udev Kernel Socket.
[[0;32m  OK  [0m] Listening on udev Kernel Socket.
[   25.548595] systemd[1]: Starting Journal Service...
         Starting Journal Service...
[   25.676666] systemd[1]: Starting Load Kernel Modules...
         Starting Load Kernel Modules...
[   25.701790] systemd[1]: Starting Remount Root and Kernel File Systems...
         Starting Remount Root and Kernel File Systems...[   25.727506] EXT4-fs (sda1): re-mounted. Opts: (null)

[   25.733389] systemd[1]: Starting Monitoring of LVM2 mirrors, snapshots etc. using dmeventd or progress polling...
         Startin[   25.829493] Loading iSCSI transport class v2.0-870.
g Monitoring of LVM2 mirrors... dmeventd or progress polling...
[   25.950771] systemd[1]: Listening on LVM2 poll daemon socket.
[[0;32m  OK  [0m] Listening on LVM2 poll daemon socket.
[   25.959051] systemd[1]: Reached target User and Group Name Lookups.
[[0;32m  OK  [0m] Reached target User and Group Name Lookups.
[   26.007538] systemd[1]: Mounted POSIX Message Queue File System.
[[0;32m  OK  [0m] Mounted POSIX Message Queue File System.
[   26.092587] systemd[1]: Mounted Debug File System.
[[0;32m  OK  [0m] Mounted Debug File System.
[   26.116584] systemd[1]: Mounted Huge Pages File System.
[[0;32m  OK  [0m] Mounted Huge Pages File System.
[   26.134395] iscsi: registered transport (tcp)
[   26.184820] systemd[1]: Started Set console keymap.
[[0;32m  OK  [0m] Started Set console keymap.
[   26.202686] systemd[1]: Started Uncomplicated firewall.
[[0;32m  OK  [0m] Started Uncomplicated firewall.
[   26.238915] systemd[1]: Started Create list of required static device nodes for the current kernel.
[[0;32m  OK  [0m] Started Create list of required sta...ce nodes for the current kernel.
[   26.312148] systemd[1]: Started Remount Root and Kernel File Systems.
[[0;32m  OK  [0m] Started Remount Root and Kernel File Systems.
[   26.336742] systemd[1]: Started Nameserver information manager.
[[0;32m  OK  [0m] Started Nameserver information manager.
[   26.477243] systemd[1]: Started Journal Service.
[[0;32m  OK  [0m] Started Journal Service.
[   26.579171] iscsi: registered transport (iser)
[[0;32m  OK  [0m] Started Load Kernel Modules.
         Starting Apply Kernel Variables...
         Mounting FUSE Control File System...
[[0;32m  OK  [0m] Started LVM2 metadata daemon.
         Starting Load/Save Random Seed...
         Starting udev Coldplug all Devices...
         Starting Flush Journal to Persistent Storage...
         Starting Initial cloud-init job (pre-networking)...
         Starting Create Static Device Nodes in /dev...
[[0;32m  OK  [0m] Mounted FUSE Control File System.
[[0;32m  OK  [0m] Started Apply Kernel Variables.
[[0;32m  OK  [0m] Started Load/Save Random Seed.
[[0;32m  OK  [0m] Started udev Coldplug all Devices.
[[0;32m  OK  [0m] Started Flush Journal to Persistent Storage.
[[0;32m  OK  [0m] Started Monitoring of LVM2 mirrors,...ng dmeventd or progress polling.
[[0;32m  OK  [0m] Started Create Static Device Nodes in /dev.
         Starting udev Kernel Device Manager...
[[0;32m  OK  [0m] Started udev Kernel Device Manager.
[[0;32m  OK  [0m] Reached target Local File Systems (Pre).
[[0;32m  OK  [0m] Reached target Local File Systems.
         Starting Create Volatile Files and Directories...
         Starting Commit a transient machine-id on disk...
         Starting Set console font and keymap...
         Starting LSB: AppArmor initialization...
         Starting Tell Plymouth To Write Out Runtime Data...
[[0;32m  OK  [0m] Started Dispatch Password Requests to Console Directory Watch.
[[0;32m  OK  [0m] Started Create Volatile Files and Directories.
[[0;32m  OK  [0m] Started Commit a transient machine-id on disk.
[[0;32m  OK  [0m] Started Tell Plymouth To Write Out Runtime Data.
         Starting Update UTMP about System Boot/Shutdown...
[[0;32m  OK  [0m] Reached target System Time Synchronized.
[[0;32m  OK  [0m] Started Update UTMP about System Boot/Shutdown.
[[0;32m  OK  [0m] Found device /dev/ttyS0.
[[0;32m  OK  [0m] Listening on Load/Save RF Kill Switch Status /dev/rfkill Watch.
[[0;32m  OK  [0m] Started LSB: AppArmor initialization.
[[0;32m  OK  [0m] Started Set console font and keymap.
[[0;32m  OK  [0m] Created slice system-getty.slice.
[   36.537015] cloud-init[458]: Cloud-init v. 0.7.9 running 'init-local' at Thu, 25 May 2017 16:22:36 +0000. Up 35.60 seconds.
[[0;32m  OK  [0m] Started Initial cloud-init job (pre-networking).
[[0;32m  OK  [0m] Reached target Network (Pre).
         Starting Raise network interfaces...
[[0;32m  OK  [0m] Started Raise network interfaces.
         Starting Initial cloud-init job (metadata service crawler)...
[[0;32m  OK  [0m] Reached target Network.
[   42.777570] cloud-init[958]: Cloud-init v. 0.7.9 running 'init' at Thu, 25 May 2017 16:22:39 +0000. Up 38.72 seconds.
[   42.784804] cloud-init[958]: ci-info: ++++++++++++++++++++++++++++++++++++++Net device info++++++++++++++++++++++++++++++++++++++
[   42.792358] cloud-init[958]: ci-info: +--------+-------+----------------------------+---------------+-------+-------------------+
[   42.854824] cloud-init[958]: ci-info: | Device |   Up  |          Address           |      Mask     | Scope |     Hw-Address    |
[   42.961149] cloud-init[958]: ci-info: +--------+-------+----------------------------+---------------+-------+-------------------+
[   43.051189] cloud-init[958]: ci-info: |   lo   |  True |         127.0.0.1          |   255.0.0.0   |   .   |         .         |
[[0;32m  OK  [0m] Started Initial cloud-init job (metadata service crawler).
[   43.051987] cloud-init[958]: ci-info: |   lo   |  True |          ::1/128           |       .       |  host |         .         |
[   43.197139] cloud-init[958]: ci-info: | enp0s8 | False |             .              |       .       |   .   | 08:00:27:bd:12:dc |
[[   43.198039] [0;32m  OK  [0mcloud-init] [958]: Reached target Cloud-config availability.ci-info: | enp0s3 |  True |         10.0.2.15          | 255.255.255.0 |   .   | 02:fb:34:e1:96:ef |

[[   43.198737] cloud-init[958]: ci-info: | enp0s3 |  True | fe80::fb:34ff:fee1:96ef/64 |       .       |  link | 02:fb:34:e1:96:ef |
[0;32m  OK  [0m] Reached target System Initialization.
[   43.308376] cloud-init[958]: ci-info: +--------+-------+----------------------------+---------------+-------+-------------------+
[   43.392708] cloud-init[958]: ci-info: +++++++++++++++++++++++++++Route IPv4 info++++++++++++++++++++++++++++
[   43.393328] cloud-init[958]: ci-info: +-------+-------------+----------+---------------+-----------+-------+
[[0;32m  OK  [0m] Listening on ACPID Listen Socket.
[   43.393594] cloud-init[958]: ci-info: | Route | Destination | Gateway  |    Genmask    | Interface | Flags |
[   43.511519] cloud-init[958]: ci-info: +-------+-------------+----------+---------------+-----------+-------+
[   43.557461] cloud-init[958]: ci-info: |   0   |   0.0.0.0   | 10.0.2.2 |    0.0.0.0    |   enp0s3  |   UG  |
[   43.558064] cloud-init[958]: ci-info: |   1   |   10.0.2.0  | 0.0.0.0  | 255.255.255.0 |   enp0s3  |   U   |
         Starting LXD - unix socket.
[[0;32m  OK  [0m[   43.558276] ] cloud-initStarted Daily Cleanup of Temporary Directories.[958]: 
ci-info: +-------+-------------+----------+---------------+-----------+-------+
[   43.712309]          cloud-initStarting Socket activation for snappy daemon.[958]: 
Generating public/private rsa key pair.
[   43.765890] [cloud-init[0;32m  OK  [0m[958]: ] Your identification has been saved in /etc/ssh/ssh_host_rsa_key.Listening on D-Bus System Message Bus Socket.

[[0;32m  OK  [0m] Started Timer to automatically refresh installed snaps.
[   43.767074] cloud-init[958]: Your public key has been saved in /etc/ssh/ssh_host_rsa_key.pub.
[   43.940462] [cloud-init[0;32m  OK  [0m[958]: ] The key fingerprint is:Started Daily apt activities.

[[0;32m  OK  [0m] Reached target Timers.
[[0;32m  OK  [0m] Listening on UUID daemon activation socket.
[   43.941701] cloud-init[958]: SHA256:oHvBfb/2h3ovIHEWNUwNmayk2Je9e7Tc/2gcDzlicUs root@ubuntu-xenial
[   43.986573] cloud-init[958]: The key's randomart image is:
[   43.990321] cloud-init[958]: +---[RSA 2048]----+
[   43.996955] cloud-init[958]: |             === |
[   44.017662] [cloud-init[0;32m  OK  [0m[958]: ] |            o =..|Started ACPI Events Check.

[[0;32m  OK  [0m] Reached target Paths.
[[0;32m  OK  [0m] Reached target Network is Online.
[   44.018706] cloud-init[958]: |      .  o o =   |
         [   44.063875] Starting iSCSI initiator daemon (iscsid)...cloud-init
[958]: |     o o. + B E  |
[   44.064185] cloud-init[958]: |    . o S .= + + |
[   44.152823] cloud-init[958]: |     . . ...+ B .|
[   44.153498] cloud-init[958]: |    . .    o.+.Oo|
[   44.155187] cloud-init[958]: |     .      ..B+=|
[   44.158457] cloud-init[958]: |           .o=o=*|
[   44.162474] cloud-init[958]: +----[SHA256]-----+
[   44.167878] cloud-init[958]: Generating public/private dsa key pair.
[   44.170412] cloud-init[958]: Your identification has been saved in /etc/ssh/ssh_host_dsa_key.
[   44.173268] cloud-init[958]: Your public key has been saved in /etc/ssh/ssh_host_dsa_key.pub.
[   44.174551] cloud-init[958]: The key fingerprint is:
[   44.176910] cloud-init[958]: SHA256:CgrQi9OuF2o/c/IgmjDoj4OcETkBAOCgu7t+7XeZHNo root@ubuntu-xenial
[[0;32m  OK  [0m] [   44.179504] Listening on LXD - unix socket.cloud-init
[958]: The key's randomart image is:
[   44.348806] cloud-init[958]: +---[DSA 1024]----+
[   44.349480] cloud-init[958]: |@                |
[[0;32m  OK  [0m] Listening on Socket activation for snappy daemon.
[   44.349754] cloud-init[958]: |+o               |
[   44.467902] cloud-init[958]: |o.+              |
[   44.486875] cloud-init[958]: |.B .             |
[   44.525102] cloud-init[958]: |= = .   S        |
[   44.526019] cloud-init[958]: |.*.. . . .       |
[[0;32m  OK  [0m] Started iSCSI initiator daemon (iscsid).
[   44.527070] cloud-init[958]: |Bo=o. . + +      |
[   44.642913] cloud-init[958]: |*X+=.o o E       |
[   44.643548] cloud-init[958]: |O*=oBo. .        |
         Starting Login to default iSCSI targets...
[[0;32m  OK  [0m[   44.643847] ] Reached target Sockets.cloud-init
[958]: +----[SHA256]-----+
[[0;32m  OK  [0m] [   44.758823] cloud-init[958]: Generating public/private ecdsa key pair.
[   44.760350] cloud-init[958]: Your identification has been saved in /etc/ssh/ssh_host_ecdsa_key.
Reached target Basic System.
[   44.760647] cloud-init[958]: Your public key has been saved in /etc/ssh/ssh_host_ecdsa_key.pub.
[   44.881118] cloud-init[958]: The key fingerprint is:
[   44.881638] cloud-init[958]: SHA256:r+TcYca5sbuJdCcMfZvE6Ig2edItqciOBPM3+gN9nQg root@ubuntu-xenial
[[0;32m  OK  [0m] Started FUSE filesystem for LXC.
[   44.881907] cloud-init[958]: The key's randomart image is:
[   45.022992] cloud-init[958]: +---[ECDSA 256]---+
[   45.026625] cloud-init[958]: |                 |
[   45.031573] cloud-init[958]: |                 |
[   45.064691]          cloud-initStarting LSB: MD monitoring daemon...[958]: 
|                 |
[   45.088924] cloud-init[958]: |    E    . o     |
[[0;32m  OK  [0m] Started ACPI event daemon.
[[0;32m  OK  [0m] Started Unattended Upgrades Shutdown.
[   45.122327] cloud-init[958]: |o  . . oS.o +    |
[   45.190612] cloud-init[958]: | +. . o+oX + o   |
[   45.191229] cloud-init[958]: |  o.o.* O # +    |
         Starting /etc/rc.local Compatibility...
[   45.191590] cloud-init[958]: | . =.+ X O O     |
[   45.271362] cloud-init[958]: |  oo=.. = Bo     |
         Starting LXD - container startup/shutdown...
[   45.272556] cloud-init[958]: +----[SHA256]-----+
[   45.283694] cloud-init[958]: Generating public/private ed25519 key pair.
         Starting Apply the settings specified in cloud-config...
[   45.324396] cloud-init[958]: Your identification has been saved in /etc/ssh/ssh_host_ed25519_key.
[   45.485520] cloud-init[958]: Your public key has been saved in /etc/ssh/ssh_host_ed25519_key.pub.
[   45.487350] cloud-init[958]: The key fingerprint is:
[[0;32m  OK  [0m] Started Snappy daemon.
[   45.488853] cloud-init[958]: SHA256:XTysHj0G4IErNK8KOonoQmXimcTgODu8YOS+7x/U8RQ root@ubuntu-xenial
         Starting Accounts Service...
[   45.723059] cloud-init[958]: The key's randomart image is:
[[0;32m  OK  [0m] Started Regular background program processing daemon.
[   45.790145] cloud-init[958]: +--[ED25519 256]--+
         Starting Auto import assertions from block devices...
[   45.836623] cloud-init[958]: |       .oE       |
         Starting System Logging Service...
[   45.934723] cloud-init[958]: |.   o .. o.o     |
[[0;32m  OK  [0m] Started Deferred execution scheduler.
[   46.006795] cloud-init[958]: |=  . o o... =    |
         Starting LSB: Record successful boot for GRUB...
[   46.104383] cloud-init[958]: |o* o. + +. = .   |
[[0;32m  OK  [0m] Started D-Bus System Message Bus.
[   46.185440] cloud-init[958]: |*o*  + .S.+ +    |
[   46.256706] cloud-init[958]: |=O  o    . o .   |
[   46.308658] cloud-init[958]: |O+.. .    .      |
[   46.333362] cloud-init[958]: |Bo.   .          |
[   46.364827] cloud-init[958]: |o++o..           |
[   46.408730] cloud-init[958]: +----[SHA256]-----+
         Starting Pollinate to seed the pseudo random number generator...
         Starting Login Service...
[[0;32m  OK  [0m] Started System Logging Service.
[[0;32m  OK  [0m] Started /etc/rc.local Compatibility.
[[0;32m  OK  [0m] Started Auto import assertions from block devices.
[[0;32m  OK  [0m] Started Login Service.
         Starting Authenticate and Authorize Users to Run Privileged Tasks...
[[0;32m  OK  [0m] Started Login to default iSCSI targets.
[[0;32m  OK  [0m] Reached target Remote File Systems (Pre).
[[0;32m  OK  [0m] Reached target Remote File Systems.
         Starting Permit User Sessions...
         Starting LSB: VirtualBox Linux Additions...
         Starting LSB: automatic crash report generation...
         Starting LSB: Set the CPU Frequency Scaling governor to "ondemand"...
         Starting LSB: daemon to balance interrupts for SMP systems...
[[0;32m  OK  [0m] Started LSB: MD monitoring daemon.
[[0;32m  OK  [0m] Started LSB: Record successful boot for GRUB.
[[0;32m  OK  [0m] Started Permit User Sessions.
[   49.036986] cloud-init[1078]: Generating locales (this might take a while)...
         Starting Terminate Plymouth Boot Screen...
         Starting Hold until boot process finishes up...
[[0;32m  OK  [0m] Started LSB: Set the CPU Frequency Scaling governor to "ondemand".
[[0;32m  OK  [0m] Started Terminate Plymouth Boot Screen.
[[0;32m  OK  [0m] Started Hold until boot process finishes up.
[[0;32m  OK  [0m] Started Serial Getty on ttyS0.
         Starting Set console scheme...
[[0;32m  OK  [0m] Started Getty on tty1.
[[0;32m  OK  [0m] Reached target Login Prompts.
[[0;32m  OK  [0m] Started LSB: daemon to balance interrupts for SMP systems.
[[0;32m  OK  [0m] Started LSB: automatic crash report generation.
[[0;32m  OK  [0m] Started Set console scheme.
[[0;32m  OK  [0m] Started Authenticate and Authorize Users to Run Privileged Tasks.
[[0;32m  OK  [0m] Started Accounts Service.
[[0;32m  OK  [0m] Started LSB: VirtualBox Linux Additions.
[[0;32m  OK  [0m] Started LXD - container startup/shutdown.
[[0;32m  OK  [0m] Started Pollinate to seed the pseudo random number generator.
         Starting OpenBSD Secure Shell server...
[[0;32m  OK  [0m] Started OpenBSD Secure Shell server.
[[0;32m  OK  [0m] Reached target Multi-User System.
[[0;32m  OK  [0m] Reached target Graphical Interface.
         Starting Update UTMP about System Runlevel Changes...
[[0;32m  OK  [0m] Started Update UTMP about System Runlevel Changes.
[   53.011657] cloud-init[1078]:   en_US.UTF-8... done
[   53.044332] cloud-init[1078]: Generation complete.
         Stopping OpenBSD Secure Shell server...
[[0;32m  OK  [0m] Stopped OpenBSD Secure Shell server.
         Starting OpenBSD Secure Shell server...
[[0;32m  OK  [0m] Started OpenBSD Secure Shell server.
[[0;32m  OK  [0m] Created slice User Slice of ubuntu.
         Starting User Manager for UID 1000...
[[0;32m  OK  [0m] Started Session 1 of user ubuntu.
[   55.348668] cloud-init[1078]: Cloud-init v. 0.7.9 running 'modules:config' at Thu, 25 May 2017 16:22:47 +0000. Up 46.81 seconds.

Ubuntu 16.04.2 LTS ubuntu-xenial ttyS0

ubuntu-xenial login: ci-info: no authorized ssh keys fingerprints found for user ubuntu.
<14>May 25 16:22:58 ec2: 
<14>May 25 16:22:58 ec2: #############################################################
<14>May 25 16:22:58 ec2: -----BEGIN SSH HOST KEY FINGERPRINTS-----
<14>May 25 16:22:58 ec2: 1024 SHA256:CgrQi9OuF2o/c/IgmjDoj4OcETkBAOCgu7t+7XeZHNo root@ubuntu-xenial (DSA)
<14>May 25 16:22:58 ec2: 256 SHA256:r+TcYca5sbuJdCcMfZvE6Ig2edItqciOBPM3+gN9nQg root@ubuntu-xenial (ECDSA)
<14>May 25 16:22:58 ec2: 256 SHA256:XTysHj0G4IErNK8KOonoQmXimcTgODu8YOS+7x/U8RQ root@ubuntu-xenial (ED25519)
<14>May 25 16:22:58 ec2: 2048 SHA256:oHvBfb/2h3ovIHEWNUwNmayk2Je9e7Tc/2gcDzlicUs root@ubuntu-xenial (RSA)
<14>May 25 16:22:58 ec2: -----END SSH HOST KEY FINGERPRINTS-----
<14>May 25 16:22:58 ec2: #############################################################
-----BEGIN SSH HOST KEY KEYS-----
ecdsa-sha2-nistp256 AAAAE2VjZHNhLXNoYTItbmlzdHAyNTYAAAAIbmlzdHAyNTYAAABBBIVEFBsqCrffRtYapQqM2Pwek9chmCOlBZm3ZQjoeH3QPC8ziuvVxQT/3VBhbXyuNzJV08sfoMqIWqTlskmFUic= root@ubuntu-xenial
ssh-ed25519 AAAAC3NzaC1lZDI1NTE5AAAAIOXiA0We7lBmG5zeE6whZrMI3ZIbfV07TGkNUwLvfm61 root@ubuntu-xenial
ssh-rsa AAAAB3NzaC1yc2EAAAADAQABAAABAQCsmtYwuZO5kbqZTSmATE2wRWt0fjB7O5qUKQKsoKd0eLy6rvEG6mMxY6wtpvfHeSlLK85gmd5h8piJryCV4GYxmq0rwlpJK4dd6CmtlssbXSTNnV31FpIYBRofKLfMPGQ0OyObjA3pcboOTee7SCZnVDsdGnlc4p5kiyAuUA3lvQ48aTFbs4f47tsZ48/06EVW8+JczmGw2b0NDoT2N6tee4cuv9K6uTCtuWLw765u0wjHrEzIGiCE2xXTriDuUGn9APDF4nVKkI8AFQCabAh+UxvPFFs2JBEcvIuF1P5W8vFGMhu7Laeg+hGKBEDvfVROCu9D47Zk8zn1Ui/4xQVB root@ubuntu-xenial
-----END SSH HOST KEY KEYS-----
[   57.751533] cloud-init[1404]: Cloud-init v. 0.7.9 running 'modules:final' at Thu, 25 May 2017 16:22:57 +0000. Up 56.89 seconds.
[   57.752540] cloud-init[1404]: ci-info: no authorized ssh keys fingerprints found for user ubuntu.
[   57.753111] cloud-init[1404]: Cloud-init v. 0.7.9 finished at Thu, 25 May 2017 16:22:58 +0000. Datasource DataSourceNoCloud [seed=/dev/sdb][dsmode=net].  Up 57.69 seconds
